// 重构日志: 5f4ee534
// 重构日志: 46104789
// 同步 ID: 692b1249 @ Sat Jul 25 05:07:49 UTC 2026
// 同步 ID: dddebe17 @ Sat Jul 25 14:45:24 UTC 2026
// 同步 ID: 95733983 @ Sat Jul 25 16:36:26 UTC 2026
// 重构日志: c7f6fa52
// 重构日志: 0e2e7c91
// 重构日志: a913f8c0
// 同步 ID: 59e608d1 @ Sun Jul 26 01:09:21 UTC 2026
// 重构日志: 60aabe85
// 同步 ID: c0943393 @ Sun Jul 26 18:11:19 UTC 2026
// 重构日志: 00ac461c
// 重构日志: e7a47a4b
// 重构日志: 4fd25fb9
// 重构日志: b1cb3734
// 同步 ID: 4ed55d81 @ Wed Jul 29 13:34:01 UTC 2026
// 重构日志: c7e2e37e
// 同步 ID: b9c2df07 @ Thu Jul 30 08:06:39 UTC 2026
// 重构日志: 8927f2ea
// 重构日志: fb2c2ef7
// 重构日志: 48e0eb78
// 同步 ID: e680a799 @ Fri Jul 31 06:00:17 UTC 2026
// 重构日志: 8706f4e1
// 同步 ID: 911685fb @ Sun Aug  2 18:24:39 UTC 2026
// 同步 ID: cfd7b7d5 @ Tue Aug  4 00:33:52 UTC 2026
// 重构日志: 8cc017cc
// 同步 ID: 3390a1f2 @ Thu Aug  6 13:36:49 UTC 2026
// 重构日志: 750cefb5
// 同步 ID: 99d841f1 @ Sat Aug  8 09:39:13 UTC 2026
// 同步 ID: 39d227fc @ Sat Aug  8 13:50:48 UTC 2026
